<html>
<body>
<pre>
<h1>µVision Build Log</h1>
<h2>Tool Versions:</h2>
IDE-Version: ¦ÌVision V5.27.0.0
Copyright (C) 2018 ARM Ltd and ARM Germany GmbH. All rights reserved.
License Information: 123 123, 123, LIC=QF82M-XFDZ8-45AT5-GGT1E-FU8X5-I84TZ
 
Tool Versions:
Toolchain:       MDK-ARM Plus  Version: 5.27.0.0
Toolchain Path:  D:\Program Files (x86)\keil5\ARM\ARMCC\Bin
C Compiler:      Armcc.exe V5.06 update 6 (build 750)
Assembler:       Armasm.exe V5.06 update 6 (build 750)
Linker/Locator:  ArmLink.exe V5.06 update 6 (build 750)
Library Manager: ArmAr.exe V5.06 update 6 (build 750)
Hex Converter:   FromElf.exe V5.06 update 6 (build 750)
CPU DLL:         SARMCM3.DLL V5.27.0.0
Dialog DLL:      DCM.DLL V1.17.2.0
Target DLL:      STLink\ST-LINKIII-KEIL_SWO.dll V3.0.5.0
Dialog DLL:      TCM.DLL V1.36.1.0
 
<h2>Project:</h2>
I:\my_project_2022_0807\6-HAL_STM32F429\10-OLED-menu-2023-1119\MENU_OLED\MDK-ARM\MENU_OLED.uvprojx
Project File Date:  01/06/2024

<h2>Output:</h2>
*** Using Compiler 'V5.06 update 6 (build 750)', folder: 'D:\Program Files (x86)\keil5\ARM\ARMCC\Bin'
Build target 'MENU_OLED'
assembling startup_stm32f429xx.s...
compiling stm32f4xx_it.c...
compiling main.c...
../hardware/MENU/menu.h(5): warning:  #47-D: incompatible redefinition of macro "u8"  (declared at line 6 of "../hardware/OLED/oled.h")
  #define  u8 unsigned char
../Core/Src/main.c: 1 warning, 0 errors
compiling tim.c...
compiling rtc.c...
compiling gpio.c...
compiling stm32f4xx_hal_msp.c...
compiling stm32f4xx_hal_rcc_ex.c...
compiling stm32f4xx_hal_rtc.c...
compiling stm32f4xx_hal_rtc_ex.c...
compiling stm32f4xx_hal_rcc.c...
compiling stm32f4xx_hal_flash_ex.c...
compiling stm32f4xx_hal_gpio.c...
compiling stm32f4xx_hal_flash_ramfunc.c...
compiling stm32f4xx_hal_flash.c...
compiling stm32f4xx_hal_dma_ex.c...
compiling stm32f4xx_hal_pwr.c...
compiling stm32f4xx_hal_pwr_ex.c...
compiling stm32f4xx_hal.c...
compiling stm32f4xx_hal_cortex.c...
compiling stm32f4xx_hal_dma.c...
compiling stm32f4xx_hal_exti.c...
compiling system_stm32f4xx.c...
compiling stm32f4xx_hal_tim_ex.c...
compiling oled.c...
compiling stm32f4xx_hal_tim.c...
compiling menu.c...
../hardware/OLED/oled.h(6): warning:  #47-D: incompatible redefinition of macro "u8"  (declared at line 5 of "..\hardware\MENU\menu.h")
  #define u8 uint8_t
..\hardware\MENU\menu.c: 1 warning, 0 errors
compiling control.c...
compiling DHT11.c...
compiling dinogame.c...
..\hardware\dinogame\dinogame.c(310): warning:  #186-D: pointless comparison of unsigned integer with zero
  		if (speed_idx<0) speed_idx = 0;
..\hardware\dinogame\dinogame.c: 1 warning, 0 errors
linking...
Program Size: Code=12008 RO-data=4860 RW-data=2240 ZI-data=2056  
FromELF: creating hex file...
"MENU_OLED\MENU_OLED.axf" - 0 Error(s), 3 Warning(s).

<h2>Software Packages used:</h2>

Package Vendor: ARM
                http://www.keil.com/pack/ARM.CMSIS.5.4.0.pack
                ARM.CMSIS.5.4.0
                CMSIS (Cortex Microcontroller Software Interface Standard)
   * Component: CORE Version: 5.1.2

Package Vendor: Keil
                https://www.keil.com/pack/Keil.STM32F4xx_DFP.2.17.1.pack
                Keil.STM32F4xx_DFP.2.17.1
                STMicroelectronics STM32F4 Series Device Support, Drivers and Examples

<h2>Collection of Component include folders:</h2>
  .\RTE\_MENU_OLED
  D:\Program Files (x86)\keil5\ARM\PACK\ARM\CMSIS\5.4.0\CMSIS\Core\Include
  D:\Program Files (x86)\keil5\ARM\PACK\Keil\STM32F4xx_DFP\2.17.1\Drivers\CMSIS\Device\ST\STM32F4xx\Include

<h2>Collection of Component Files used:</h2>

   * Component: ARM::CMSIS:CORE:5.1.2
Build Time Elapsed:  00:00:28
</pre>
</body>
</html>
